// Jest Snapshot v1, https://goo.gl/fbAQLP

exports[`component: Home renders Home component 1`] = `
<div>
  <div
    className="container"
  >
    <div
      className="intro"
    >
      <h1>
        Hellobooks Library
      </h1>
      <p>
        Hello books allows you to borrow books that have been gathered from different part of the  world. Finding books of your choice just got easier with us
      </p>
      <div
        className="row"
      >
        <div
          className="col s12 m12 l6"
        />
        <div
          className="col s12 m12 l6"
        />
      </div>
    </div>
  </div>
</div>
`;

exports[`component: Home renders Password Reset Modal 1`] = `
<div
  className="modal passwordModal"
  id="passwordResetModal"
>
  <div
    className="container"
  >
    <div
      className="col s12 m6 l4 offset-l8"
    >
      <div
        className="modal-content"
      >
        <h5
          className="center-align"
        >
          Password reset
        </h5>
        <p
          className="center-align"
          id="message"
        >
          A password reset link will be sent to this email
        </p>
        <form
          className="col s6 offset-s3"
          onSubmit={[Function]}
        >
          <div
            className="input-field"
          >
            <label
              htmlFor="email"
            >
              Email
            </label>
            <input
              className="validate"
              onChange={[Function]}
              type="email"
              value=""
            />
          </div>
          <div
            className="input-field"
          >
            <button
              className="btn waves-effect waves-ripple green"
              disabled={false}
            >
              Reset
            </button>
            <div
              className="btn waves-effect modal-close modal-action"
              onClick={[Function]}
            >
              Cancel
            </div>
          </div>
        </form>
      </div>
    </div>
  </div>
</div>
`;
